2026-09-15;17:14:45;Ali;CREATION;rapport.txt;OK
2026-09-15;17:15:09;Ali;LECTURE;rapport.txt;OK
2026-09-15;17:15:28;Ali;ECRITURE;rapport.txt;OK
2026-09-15;17:16:49;Mohamed;SUPPRESSION;rapport.txt;REFUSE
2026-09-18;09:21:49;Mohamed;LECTURE;rapport.txt;REFUSE
2026-09-18;09:23:57;Mohamed;SUPPRESSION;rapport.txt;REFUSE
2026-09-18;09:29:28;Mohamed;LECTURE;rapport.txt;REFUSE
2026-09-18;09:33:03;Mohamed;SUPPRESSION;rapport.txt;REFUSE
2026-09-18;09:34:58;Mohamed;SUPPRESSION;rapport.txt;REFUSE
2026-09-18;11:04:48;Mohamed;CHMOD;fichier.txt;OK
2026-09-18;14:57:17;Mohamed;LECTURE;rapport.txt;REFUSE
2026-09-18;14:57:57;Mohamed;ECRITURE;rapport.txt;REFUSE
2026-09-18;14:58:48;Mohamed;CHMOD;rapport.txt;REFUSE
2026-09-18;15:07:19;Mohamed;ECRITURE;rapport.txt;REFUSE
2026-09-23;17:49:33;Ali;CREATION;test.txt;OK
2026-09-23;17:49:33;Ali;ECRITURE;test.txt;OK
2026-09-23;17:49:33;Ali;LECTURE;test.txt;OK
2026-09-23;17:49:33;Ali;CHMOD;test.txt;OK
2026-09-23;18:15:48;Mohamed;LECTURE;test.txt;OK
2026-09-23;18:16:06;Mohamed;ECRITURE;test.txt;OK
2026-09-23;18:16:14;Mohamed;LECTURE;test.txt;OK
2026-09-23;18:35:48;Mohamed;CREATION;file.txt;OK
2026-09-23;18:36:39;Mohamed;LECTURE;file.txt;OK
2026-09-23;18:36:51;Mohamed;LECTURE;file.txt;OK
2026-09-23;18:50:12;Mohamed;LECTURE;file.txt;OK
